<?xml version="1.0" encoding="utf-8"?>
<resources>
    <color name="other_color">#ff0000</color>
    <color name="super_green">a</color>
</resources>
