<vector xmlns:android="http://schemas.android.com/apk/res/android"
    xmlns:aapt="http://schemas.android.com/aapt"
    android:width="320dp"
    android:height="180dp"
    android:viewportWidth="320"
    android:viewportHeight="180">
  <group android:scaleX="1.6666666"
      android:scaleY="1.6666666"
      android:translateX="-16.4">
    <path
        android:pathData="M31,63.928c0,0 6.4,-11 12.1,-13.1c7.2,-2.6 26,-1.4 26,-1.4l38.1,38.1L107,108.928l-32,-1L31,63.928zM43.4,57.328c-0.8,0 -1.5,-0.5 -1.8,-1.2c-0.3,-0.7 -0.1,-1.5 0.4,-2.1c0.5,-0.5 1.4,-0.7 2.1,-0.4c0.7,0.3 1.2,1 1.2,1.8C45.3,56.528 44.5,57.328 43.4,57.328L43.4,57.328zM64.6,57.328c-0.8,0 -1.5,-0.5 -1.8,-1.2s-0.1,-1.5 0.4,-2.1c0.5,-0.5 1.4,-0.7 2.1,-0.4c0.7,0.3 1.2,1 1.2,1.8C66.5,56.528 65.6,57.328 64.6,57.328L64.6,57.328z"
        android:fillType="evenOdd">
      <aapt:attr name="android:fillColor">
        <gradient
            android:startY="49.59793"
            android:startX="42.9492"
            android:endY="92.4963"
            android:endX="85.84757"
            android:type="linear">
          <item
              android:color="#44000000"
              android:offset="0"/>
          <item
              android:color="#00000000"
              android:offset="1"/>
        </gradient>
      </aapt:attr>
    </path>

    <path
        android:pathData="M65.3,45.828l3.8,-6.6c0.2,-0.4 0.1,-0.9 -0.3,-1.1c-0.4,-0.2 -0.9,-0.1 -1.1,0.3l-3.9,6.7c-6.3,-2.8 -13.4,-2.8 -19.7,0l-3.9,-6.7c-0.2,-0.4 -0.7,-0.5 -1.1,-0.3C38.8,38.328 38.7,38.828 38.9,39.228l3.8,6.6C36.2,49.428 31.7,56.028 31,63.928h46C76.3,56.028 71.8,49.428 65.3,45.828zM43.4,57.328c-0.8,0 -1.5,-0.5 -1.8,-1.2c-0.3,-0.7 -0.1,-1.5 0.4,-2.1c0.5,-0.5 1.4,-0.7 2.1,-0.4c0.7,0.3 1.2,1 1.2,1.8C45.3,56.528 44.5,57.328 43.4,57.328L43.4,57.328zM64.6,57.328c-0.8,0 -1.5,-0.5 -1.8,-1.2s-0.1,-1.5 0.4,-2.1c0.5,-0.5 1.4,-0.7 2.1,-0.4c0.7,0.3 1.2,1 1.2,1.8C66.5,56.528 65.6,57.328 64.6,57.328L64.6,57.328z"
        android:fillColor="#3DDC84"
        android:fillType="evenOdd"
        android:strokeWidth="1"
        android:strokeColor="#00000000"/>
  </group>

  <group android:scaleX="0.50421137"
      android:scaleY="0.50421137"
      android:translateX="128"
      android:translateY="45.72">
    <group android:translateY="145.26562">
      <path android:pathData="M65.53125,-113.83594L65.53125,-91.05469L47.953125,-91.05469L47.953125,0L18.351562,0L18.351562,-91.05469L0.84375,-91.05469L0.84375,-113.83594Z"
          android:fillColor="#404040"/>
      <path android:pathData="M135.39844,-45L98.625,-45L98.625,-24.820312Q98.625,-18.492188,99.53906,-16.664062Q100.453125,-14.8359375,103.05469,-14.8359375Q106.28906,-14.8359375,107.37891,-17.261719Q108.46875,-19.6875,108.46875,-26.648438L108.46875,-38.953125L135.39844,-38.953125L135.39844,-32.0625Q135.39844,-23.414062,134.3086,-18.773438Q133.21875,-14.1328125,129.21094,-8.859375Q125.203125,-3.5859375,119.05078,-0.94921875Q112.89844,1.6875,103.61719,1.6875Q94.61719,1.6875,87.72656,-0.9140625Q80.83594,-3.515625,77.00391,-8.050781Q73.171875,-12.5859375,71.69531,-18.035156Q70.21875,-23.484375,70.21875,-33.890625L70.21875,-61.101562Q70.21875,-73.33594,73.52344,-80.40234Q76.828125,-87.46875,84.35156,-91.23047Q91.875,-94.99219,101.64844,-94.99219Q113.60156,-94.99219,121.37109,-90.45703Q129.14062,-85.921875,132.26953,-78.43359Q135.39844,-70.94531,135.39844,-57.375ZM106.921875,-60.1875L106.921875,-67.00781Q106.921875,-74.25,106.14844,-76.359375Q105.375,-78.46875,102.984375,-78.46875Q100.03125,-78.46875,99.328125,-76.67578Q98.625,-74.88281,98.625,-67.00781L98.625,-60.1875Z"
          android:fillColor="#404040"/>
      <path android:pathData="M203.07031,-63.492188L177.89844,-63.492188L177.89844,-68.55469Q177.89844,-75.02344,177.16016,-76.74609Q176.42188,-78.46875,173.46875,-78.46875Q171.07812,-78.46875,169.88281,-76.88672Q168.6875,-75.30469,168.6875,-72.140625Q168.6875,-67.85156,169.28516,-65.84766Q169.88281,-63.84375,172.8711,-61.453125Q175.85938,-59.0625,185.14062,-54.492188Q197.51562,-48.445312,201.38281,-43.101562Q205.25,-37.757812,205.25,-27.5625Q205.25,-16.171875,202.29688,-10.371094Q199.34375,-4.5703125,192.41797,-1.4414062Q185.49219,1.6875,175.71875,1.6875Q164.89062,1.6875,157.1914,-1.6875Q149.49219,-5.0625,146.60938,-10.828125Q143.72656,-16.59375,143.72656,-28.265625L143.72656,-32.765625L168.89844,-32.765625L168.89844,-26.859375Q168.89844,-19.335938,169.84766,-17.085938Q170.79688,-14.8359375,173.60938,-14.8359375Q176.63281,-14.8359375,177.82812,-16.347656Q179.02344,-17.859375,179.02344,-22.710938Q179.02344,-29.390625,177.47656,-31.078125Q175.85938,-32.765625,160.95312,-41.0625Q148.4375,-48.09375,145.69531,-53.82422Q142.95312,-59.554688,142.95312,-67.42969Q142.95312,-78.609375,145.90625,-83.91797Q148.85938,-89.22656,155.92578,-92.109375Q162.99219,-94.99219,172.34375,-94.99219Q181.625,-94.99219,188.1289,-92.63672Q194.63281,-90.28125,198.11328,-86.41406Q201.59375,-82.546875,202.33203,-79.24219Q203.07031,-75.9375,203.07031,-68.90625Z"
          android:fillColor="#404040"/>
      <path android:pathData="M243.01562,-105.75L243.01562,-91.05469L250.67969,-91.05469L250.67969,-76.28906L243.01562,-76.28906L243.01562,-26.367188Q243.01562,-17.15625,243.96484,-16.101562Q244.91406,-15.046875,251.875,-15.046875L251.875,0L240.41406,0Q230.71094,0,226.5625,-0.80859375Q222.41406,-1.6171875,219.25,-4.5351562Q216.08594,-7.453125,215.3125,-11.214844Q214.53906,-14.9765625,214.53906,-28.898438L214.53906,-76.28906L208.42188,-76.28906L208.42188,-91.05469L214.53906,-91.05469L214.53906,-105.75Z"
          android:fillColor="#404040"/>
    </group>
  </group>
</vector>