<resources>
    <string name="app_name">app_name</string>
    <string name="my_activity_title">a</string>
</resources>
